14:15:22 **** Incremental Build of configuration Debug for project MPU6050 ****
make -j8 all 
arm-none-eabi-gcc "../applications/main.c"
../applications/main.c: In function 'main':
../applications/main.c:48:18: warning: implicit declaration of function 'atan2' [-Wimplicit-function-declaration]
     float roll = atan2(accel.y, accel.z) * 57.3;
                  ^
../applications/main.c:48:18: warning: incompatible implicit declaration of built-in function 'atan2'
../applications/main.c:48:18: note: include '<math.h>' or provide a declaration of 'atan2'
../applications/main.c:49:19: warning: implicit declaration of function 'atan' [-Wimplicit-function-declaration]
     float pitch = atan(-accel.x / sqrt(accel.y * accel.y + accel.z * accel.z)) * 57.3;
                   ^
../applications/main.c:49:19: warning: incompatible implicit declaration of built-in function 'atan'
../applications/main.c:49:19: note: include '<math.h>' or provide a declaration of 'atan'
../applications/main.c:49:35: warning: implicit declaration of function 'sqrt' [-Wimplicit-function-declaration]
     float pitch = atan(-accel.x / sqrt(accel.y * accel.y + accel.z * accel.z)) * 57.3;
                                   ^
../applications/main.c:49:35: warning: incompatible implicit declaration of built-in function 'sqrt'
../applications/main.c:49:35: note: include '<math.h>' or provide a declaration of 'sqrt'
../applications/main.c:88:13: warning: implicit declaration of function 'abs' [-Wimplicit-function-declaration]
         if (abs(kalAngleX) > 90)
             ^
../applications/main.c:32:9: warning: unused variable 'i' [-Wunused-variable]
     int i;
         ^
linking...
arm-none-eabi-objcopy -O binary "rtthread.elf"  "rtthread.bin"
arm-none-eabi-size --format=berkeley "rtthread.elf"
   text	   data	    bss	    dec	    hex	filename
  87892	   1840	   3116	  92848	  16ab0	rtthread.elf

              Used Size(B)           Used Size(KB)
Flash:          89732 B               87.63 KB
RAM:             4956 B                4.84 KB

14:15:25 Build Finished. 0 errors, 8 warnings. (took 2s.893ms)

